To request GPUs, add --gpus-per-node X or --gpus X, where X is the desired number of GPUs.
Job 1856661 running on hopper[011-012]
Abort(2664079) on node 7 (rank 7 in comm 0): Fatal error in PMPI_Init: Other MPI error, error stack:
MPIR_Init_thread(138).........: 
MPID_Init(1117)...............: 
MPIDI_SHMI_mpi_init_hook(29)..: 
MPIDI_POSIX_mpi_init_hook(141): 
MPIDI_POSIX_eager_init(2268)..: 
MPIDU_shm_seg_commit(296).....: unable to allocate shared memory
slurmstepd: error: *** STEP 1856661.0 ON hopper011 CANCELLED AT 2023-04-12T20:02:41 ***
srun: Job step aborted: Waiting up to 32 seconds for job step to finish.
srun: error: hopper012: task 7: Killed
srun: error: hopper011: tasks 0-6: Killed
